#-----------------------------------------------------------
# Vivado v2020.2 (64-bit)
# SW Build 3064766 on Wed Nov 18 09:12:45 MST 2020
# IP Build 3064653 on Wed Nov 18 14:17:31 MST 2020
# Start of session at: Sat May 20 11:28:05 2023
# Process ID: 7760
# Current directory: C:/Users/jiangyi/Desktop/lab5
# Command line: vivado.exe -gui_launcher_event rodinguilauncherevent9748 C:\Users\jiangyi\Desktop\lab5\lab5.xpr
# Log file: C:/Users/jiangyi/Desktop/lab5/vivado.log
# Journal file: C:/Users/jiangyi/Desktop/lab5\vivado.jou
#-----------------------------------------------------------
start_gui
open_project C:/Users/jiangyi/Desktop/lab5/lab5.xpr
update_compile_order -fileset sources_1
export_ip_user_files -of_objects  [get_files C:/Users/jiangyi/Desktop/lab5/OExp05-Pipeline_CPU/Pipeline_IF.v] -no_script -reset -force -quiet
remove_files  C:/Users/jiangyi/Desktop/lab5/OExp05-Pipeline_CPU/Pipeline_IF.v
export_ip_user_files -of_objects  [get_files C:/Users/jiangyi/Desktop/lab5/OExp05-Pipeline_CPU/Pipeline_IF.edf] -no_script -reset -force -quiet
remove_files  C:/Users/jiangyi/Desktop/lab5/OExp05-Pipeline_CPU/Pipeline_IF.edf
add_files -norecurse C:/Users/jiangyi/Desktop/lab5/lab5.srcs/sources_1/new/Pipeline_IF.v
update_compile_order -fileset sources_1
export_ip_user_files -of_objects  [get_files C:/Users/jiangyi/Desktop/lab5/OExp05-Pipeline_CPU/Pipeline_ID.v] -no_script -reset -force -quiet
remove_files  C:/Users/jiangyi/Desktop/lab5/OExp05-Pipeline_CPU/Pipeline_ID.v
export_ip_user_files -of_objects  [get_files C:/Users/jiangyi/Desktop/lab5/OExp05-Pipeline_CPU/Pipeline_ID.edf] -no_script -reset -force -quiet
remove_files  C:/Users/jiangyi/Desktop/lab5/OExp05-Pipeline_CPU/Pipeline_ID.edf
add_files -norecurse C:/Users/jiangyi/Desktop/lab5/lab5.srcs/sources_1/new/Pipeline_ID.v
update_compile_order -fileset sources_1
reset_run synth_1
launch_runs synth_1 -jobs 4
wait_on_run synth_1
reset_run synth_1
launch_runs synth_1 -jobs 4
wait_on_run synth_1
reset_run synth_1
launch_runs synth_1 -jobs 4
wait_on_run synth_1
reset_run synth_1
launch_runs synth_1 -jobs 4
wait_on_run synth_1
