#-----------------------------------------------------------
# Vivado v2020.2 (64-bit)
# SW Build 3064766 on Wed Nov 18 09:12:45 MST 2020
# IP Build 3064653 on Wed Nov 18 14:17:31 MST 2020
# Start of session at: Sun Apr 30 15:28:26 2023
# Process ID: 20212
# Current directory: C:/Users/jiangyi/Desktop/lab4-3
# Command line: vivado.exe -gui_launcher_event rodinguilauncherevent18808 C:\Users\jiangyi\Desktop\lab4-3\lab4-3.xpr
# Log file: C:/Users/jiangyi/Desktop/lab4-3/vivado.log
# Journal file: C:/Users/jiangyi/Desktop/lab4-3\vivado.jou
#-----------------------------------------------------------
start_gui
open_project C:/Users/jiangyi/Desktop/lab4-3/lab4-3.xpr
update_compile_order -fileset sources_1
file mkdir C:/Users/jiangyi/Desktop/lab4-3/lab4-3.srcs/constrs_1
file mkdir C:/Users/jiangyi/Desktop/lab4-3/lab4-3.srcs/constrs_1/new
close [ open C:/Users/jiangyi/Desktop/lab4-3/lab4-3.srcs/constrs_1/new/Org-Sword.xdc w ]
add_files -fileset constrs_1 C:/Users/jiangyi/Desktop/lab4-3/lab4-3.srcs/constrs_1/new/Org-Sword.xdc
close [ open C:/Users/jiangyi/Desktop/lab4-3/lab4-3.srcs/sources_1/new/SCPU_ctrl_tb.v w ]
add_files C:/Users/jiangyi/Desktop/lab4-3/lab4-3.srcs/sources_1/new/SCPU_ctrl_tb.v
update_compile_order -fileset sources_1
launch_simulation
source CSSTE.tcl
close_sim
